 KTYPE=           1
 YCOMMAND=transfer.x MESONH         PGD_SODA                                                                  
 KTYPE=           1
 YCOMMAND=transfer.x MESONH         PGD_SODA                                                                  
 KTYPE=           1
 YCOMMAND=transfer.x MESONH         PGD_SODA                                                                  
  
     ----------------------
     | PGD ENDS CORRECTLY |
     ----------------------
 KTYPE=           1
 YCOMMAND=transfer.x MESONH         PGD_SODA                                                                  
 KTYPE=           1
 YCOMMAND=transfer.x MESONH         PGD_SODA                                                                  
 KTYPE=           1
 YCOMMAND=transfer.x MESONH         PGD_SODA                                                                  
 KTYPE=           1
 YCOMMAND=transfer.x MESONH         PGD_SODA                                                                  
 KTYPE=           1
 YCOMMAND=transfer.x MESONH         PGD_SODA                                                                  
 KTYPE=           1
 YCOMMAND=transfer.x MESONH         PGD_SODA                                                                  
 KTYPE=           1
 YCOMMAND=transfer.x MESONH         PGD_SODA                                                                  
 KTYPE=           1
 YCOMMAND=transfer.x MESONH         PGD_SODA                                                                  
 KTYPE=           1
 YCOMMAND=transfer.x MESONH         PREP_SODA                                                                 
 KTYPE=           1
 YCOMMAND=transfer.x MESONH         PREP_SODA                                                                 
 KTYPE=           1
 YCOMMAND=transfer.x MESONH         PREP_SODA                                                                 
 KTYPE=           1
 YCOMMAND=transfer.x MESONH         PREP_SODA                                                                 
 KTYPE=           1
 YCOMMAND=transfer.x MESONH         PREP_SODA                                                                 
 KTYPE=           1
 YCOMMAND=transfer.x MESONH         PREP_SODA                                                                 
 KTYPE=           1
 YCOMMAND=transfer.x MESONH         PREP_SODA                                                                 
 KTYPE=           1
 YCOMMAND=transfer.x MESONH         PREP_SODA                                                                 
 KTYPE=           1
 YCOMMAND=transfer.x MESONH         PREP_SODA                                                                 
  
     -----------------------
     | PREP ENDS CORRECTLY |
     -----------------------
Running offline for perturbation 0
 CAUTION: DID YOU THINK TO SET OMP_NUM_THREADS=1?
 PLEASE VERIFY OMP_NUM_THREADS IS INITIALIZED : TYPE ECHO $OMP_NUM_THREADS IN A TERMINAL
 KTYPE=           1
 YCOMMAND=transfer.x MESONH         PGD_SODA                                                                  
 KTYPE=           1
 YCOMMAND=transfer.x MESONH         PGD_SODA                                                                  
 KTYPE=           1
 YCOMMAND=transfer.x MESONH         PREP_SODA                                                                 
 KTYPE=           1
 YCOMMAND=transfer.x MESONH         PGD_SODA                                                                  
 KTYPE=           1
 YCOMMAND=transfer.x MESONH         PREP_SODA                                                                 
 KTYPE=           1
 YCOMMAND=transfer.x MESONH         PGD_SODA                                                                  
 KTYPE=           1
 YCOMMAND=transfer.x MESONH         PREP_SODA                                                                 
 KTYPE=           1
 YCOMMAND=transfer.x MESONH         PREP_SODA                                                                 
 KTYPE=           1
 YCOMMAND=transfer.x MESONH         PREP_SODA                                                                 
 KTYPE=           1
 YCOMMAND=transfer.x MESONH         PREP_SODA                                                                 
 KTYPE=           1
 YCOMMAND=transfer.x MESONH         PGD_SODA                                                                  
 KTYPE=           1
 YCOMMAND=transfer.x MESONH         PREP_SODA                                                                 
 KTYPE=           1
 YCOMMAND=transfer.x MESONH         PREP_SODA                                                                 
 KTYPE=           1
 YCOMMAND=transfer.x MESONH         PGD_SODA                                                                  
 KTYPE=           1
 YCOMMAND=transfer.x MESONH         PREP_SODA                                                                 
 KTYPE=           1
 YCOMMAND=transfer.x MESONH         PGD_SODA                                                                  
 KTYPE=           1
 YCOMMAND=transfer.x MESONH         PREP_SODA                                                                 
 KTYPE=           1
 YCOMMAND=transfer.x MESONH         PGD_SODA                                                                  
 KTYPE=           1
 YCOMMAND=transfer.x MESONH         PREP_SODA                                                                 
 KTYPE=           1
 YCOMMAND=transfer.x MESONH         SURFOUT.20150828_01h00                                                    
 KTYPE=           1
 YCOMMAND=transfer.x MESONH         SURFOUT.20150828_01h00                                                    
 KTYPE=           1
 YCOMMAND=transfer.x MESONH         SURFOUT.20150828_01h00                                                    
 KTYPE=           1
 YCOMMAND=transfer.x MESONH         SURFOUT.20150828_01h00                                                    
 KTYPE=           1
 YCOMMAND=transfer.x MESONH         SURFOUT.20150828_01h00                                                    
 KTYPE=           1
 YCOMMAND=transfer.x MESONH         SURFOUT.20150828_01h00                                                    
 KTYPE=           1
 YCOMMAND=transfer.x MESONH         SURFOUT.20150828_01h00                                                    
 KTYPE=           1
 YCOMMAND=transfer.x MESONH         SURFOUT.20150828_01h00                                                    
 KTYPE=           1
 YCOMMAND=transfer.x MESONH         SURFOUT.20150828_01h00                                                    
 KTYPE=           1
 YCOMMAND=transfer.x MESONH         SURFOUT.20150828_02h00                                                    
 KTYPE=           1
 YCOMMAND=transfer.x MESONH         SURFOUT.20150828_02h00                                                    
 KTYPE=           1
 YCOMMAND=transfer.x MESONH         SURFOUT.20150828_02h00                                                    
 KTYPE=           1
 YCOMMAND=transfer.x MESONH         SURFOUT.20150828_02h00                                                    
 KTYPE=           1
 YCOMMAND=transfer.x MESONH         SURFOUT.20150828_02h00                                                    
 KTYPE=           1
 YCOMMAND=transfer.x MESONH         SURFOUT.20150828_02h00                                                    
 KTYPE=           1
 YCOMMAND=transfer.x MESONH         SURFOUT.20150828_02h00                                                    
 KTYPE=           1
 YCOMMAND=transfer.x MESONH         SURFOUT.20150828_02h00                                                    
 KTYPE=           1
 YCOMMAND=transfer.x MESONH         SURFOUT.20150828_02h00                                                    
 KTYPE=           1
 YCOMMAND=transfer.x MESONH         SURFOUT.20150828_03h00                                                    
 KTYPE=           1
 YCOMMAND=transfer.x MESONH         SURFOUT.20150828_03h00                                                    
 KTYPE=           1
 YCOMMAND=transfer.x MESONH         SURFOUT.20150828_03h00                                                    
 KTYPE=           1
 YCOMMAND=transfer.x MESONH         SURFOUT.20150828_03h00                                                    
 KTYPE=           1
 YCOMMAND=transfer.x MESONH         SURFOUT.20150828_03h00                                                    
 KTYPE=           1
 YCOMMAND=transfer.x MESONH         SURFOUT.20150828_03h00                                                    
 KTYPE=           1
 YCOMMAND=transfer.x MESONH         SURFOUT.20150828_03h00                                                    
 KTYPE=           1
 YCOMMAND=transfer.x MESONH         SURFOUT.20150828_03h00                                                    
 KTYPE=           1
 YCOMMAND=transfer.x MESONH         SURFOUT.20150828_03h00                                                    
 KTYPE=           1
 YCOMMAND=transfer.x MESONH         SURFOUT.20150828_04h00                                                    
 KTYPE=           1
 YCOMMAND=transfer.x MESONH         SURFOUT.20150828_04h00                                                    
 KTYPE=           1
 YCOMMAND=transfer.x MESONH         SURFOUT.20150828_04h00                                                    
 KTYPE=           1
 YCOMMAND=transfer.x MESONH         SURFOUT.20150828_04h00                                                    
 KTYPE=           1
 YCOMMAND=transfer.x MESONH         SURFOUT.20150828_04h00                                                    
 KTYPE=           1
 YCOMMAND=transfer.x MESONH         SURFOUT.20150828_04h00                                                    
 KTYPE=           1
 YCOMMAND=transfer.x MESONH         SURFOUT.20150828_04h00                                                    
 KTYPE=           1
 YCOMMAND=transfer.x MESONH         SURFOUT.20150828_04h00                                                    
 KTYPE=           1
 YCOMMAND=transfer.x MESONH         SURFOUT.20150828_04h00                                                    
 KTYPE=           1
 YCOMMAND=transfer.x MESONH         SURFOUT.20150828_05h00                                                    
 KTYPE=           1
 YCOMMAND=transfer.x MESONH         SURFOUT.20150828_05h00                                                    
 KTYPE=           1
 YCOMMAND=transfer.x MESONH         SURFOUT.20150828_05h00                                                    
 KTYPE=           1
 YCOMMAND=transfer.x MESONH         SURFOUT.20150828_05h00                                                    
 KTYPE=           1
 YCOMMAND=transfer.x MESONH         SURFOUT.20150828_05h00                                                    
 KTYPE=           1
 YCOMMAND=transfer.x MESONH         SURFOUT.20150828_05h00                                                    
 KTYPE=           1
 YCOMMAND=transfer.x MESONH         SURFOUT.20150828_05h00                                                    
 KTYPE=           1
 YCOMMAND=transfer.x MESONH         SURFOUT.20150828_05h00                                                    
 KTYPE=           1
 YCOMMAND=transfer.x MESONH         SURFOUT.20150828_05h00                                                    
 KTYPE=           1
 YCOMMAND=transfer.x MESONH         SURFOUT.20150828_06h00                                                    
 KTYPE=           1
 YCOMMAND=transfer.x MESONH         SURFOUT.20150828_06h00                                                    
 KTYPE=           1
 YCOMMAND=transfer.x MESONH         SURFOUT.20150828_06h00                                                    
 KTYPE=           1
 YCOMMAND=transfer.x MESONH         SURFOUT.20150828_06h00                                                    
 KTYPE=           1
 YCOMMAND=transfer.x MESONH         SURFOUT.20150828_06h00                                                    
 KTYPE=           1
 YCOMMAND=transfer.x MESONH         SURFOUT.20150828_06h00                                                    
 KTYPE=           1
 YCOMMAND=transfer.x MESONH         SURFOUT.20150828_06h00                                                    
 KTYPE=           1
 YCOMMAND=transfer.x MESONH         SURFOUT.20150828_06h00                                                    
 KTYPE=           1
 YCOMMAND=transfer.x MESONH         SURFOUT.20150828_06h00                                                    
  
     --------------------------
     | OFFLINE ENDS CORRECTLY |
     --------------------------
  
Running offline for perturbation 1
 CAUTION: DID YOU THINK TO SET OMP_NUM_THREADS=1?
 PLEASE VERIFY OMP_NUM_THREADS IS INITIALIZED : TYPE ECHO $OMP_NUM_THREADS IN A TERMINAL
 KTYPE=           1
 YCOMMAND=transfer.x MESONH         PGD_SODA                                                                  
 KTYPE=           1
 YCOMMAND=transfer.x MESONH         PGD_SODA                                                                  
 KTYPE=           1
 YCOMMAND=transfer.x MESONH         PREP_SODA                                                                 
 KTYPE=           1
 YCOMMAND=transfer.x MESONH         PGD_SODA                                                                  
 KTYPE=           1
 YCOMMAND=transfer.x MESONH         PREP_SODA                                                                 
 KTYPE=           1
 YCOMMAND=transfer.x MESONH         PGD_SODA                                                                  
 KTYPE=           1
 YCOMMAND=transfer.x MESONH         PREP_SODA                                                                 
 KTYPE=           1
 YCOMMAND=transfer.x MESONH         PREP_SODA                                                                 
 KTYPE=           1
 YCOMMAND=transfer.x MESONH         PREP_SODA                                                                 
 KTYPE=           1
 YCOMMAND=transfer.x MESONH         PREP_SODA                                                                 
 KTYPE=           1
 YCOMMAND=transfer.x MESONH         PGD_SODA                                                                  
 KTYPE=           1
 YCOMMAND=transfer.x MESONH         PREP_SODA                                                                 
 KTYPE=           1
 YCOMMAND=transfer.x MESONH         PREP_SODA                                                                 
 KTYPE=           1
 YCOMMAND=transfer.x MESONH         PGD_SODA                                                                  
 KTYPE=           1
 YCOMMAND=transfer.x MESONH         PREP_SODA                                                                 
 KTYPE=           1
 YCOMMAND=transfer.x MESONH         PGD_SODA                                                                  
 KTYPE=           1
 YCOMMAND=transfer.x MESONH         PREP_SODA                                                                 
 KTYPE=           1
 YCOMMAND=transfer.x MESONH         PGD_SODA                                                                  
 KTYPE=           1
 YCOMMAND=transfer.x MESONH         PREP_SODA                                                                 
 KTYPE=           1
 YCOMMAND=transfer.x MESONH         SURFOUT.20150828_01h00                                                    
 KTYPE=           1
 YCOMMAND=transfer.x MESONH         SURFOUT.20150828_01h00                                                    
 KTYPE=           1
 YCOMMAND=transfer.x MESONH         SURFOUT.20150828_01h00                                                    
 KTYPE=           1
 YCOMMAND=transfer.x MESONH         SURFOUT.20150828_01h00                                                    
 KTYPE=           1
 YCOMMAND=transfer.x MESONH         SURFOUT.20150828_01h00                                                    
 KTYPE=           1
 YCOMMAND=transfer.x MESONH         SURFOUT.20150828_01h00                                                    
 KTYPE=           1
 YCOMMAND=transfer.x MESONH         SURFOUT.20150828_01h00                                                    
 KTYPE=           1
 YCOMMAND=transfer.x MESONH         SURFOUT.20150828_01h00                                                    
 KTYPE=           1
 YCOMMAND=transfer.x MESONH         SURFOUT.20150828_01h00                                                    
 KTYPE=           1
 YCOMMAND=transfer.x MESONH         SURFOUT.20150828_02h00                                                    
 KTYPE=           1
 YCOMMAND=transfer.x MESONH         SURFOUT.20150828_02h00                                                    
 KTYPE=           1
 YCOMMAND=transfer.x MESONH         SURFOUT.20150828_02h00                                                    
 KTYPE=           1
 YCOMMAND=transfer.x MESONH         SURFOUT.20150828_02h00                                                    
 KTYPE=           1
 YCOMMAND=transfer.x MESONH         SURFOUT.20150828_02h00                                                    
 KTYPE=           1
 YCOMMAND=transfer.x MESONH         SURFOUT.20150828_02h00                                                    
 KTYPE=           1
 YCOMMAND=transfer.x MESONH         SURFOUT.20150828_02h00                                                    
 KTYPE=           1
 YCOMMAND=transfer.x MESONH         SURFOUT.20150828_02h00                                                    
 KTYPE=           1
 YCOMMAND=transfer.x MESONH         SURFOUT.20150828_02h00                                                    
 KTYPE=           1
 YCOMMAND=transfer.x MESONH         SURFOUT.20150828_03h00                                                    
 KTYPE=           1
 YCOMMAND=transfer.x MESONH         SURFOUT.20150828_03h00                                                    
 KTYPE=           1
 YCOMMAND=transfer.x MESONH         SURFOUT.20150828_03h00                                                    
 KTYPE=           1
 YCOMMAND=transfer.x MESONH         SURFOUT.20150828_03h00                                                    
 KTYPE=           1
 YCOMMAND=transfer.x MESONH         SURFOUT.20150828_03h00                                                    
 KTYPE=           1
 YCOMMAND=transfer.x MESONH         SURFOUT.20150828_03h00                                                    
 KTYPE=           1
 YCOMMAND=transfer.x MESONH         SURFOUT.20150828_03h00                                                    
 KTYPE=           1
 YCOMMAND=transfer.x MESONH         SURFOUT.20150828_03h00                                                    
 KTYPE=           1
 YCOMMAND=transfer.x MESONH         SURFOUT.20150828_03h00                                                    
 KTYPE=           1
 YCOMMAND=transfer.x MESONH         SURFOUT.20150828_04h00                                                    
 KTYPE=           1
 YCOMMAND=transfer.x MESONH         SURFOUT.20150828_04h00                                                    
 KTYPE=           1
 YCOMMAND=transfer.x MESONH         SURFOUT.20150828_04h00                                                    
 KTYPE=           1
 YCOMMAND=transfer.x MESONH         SURFOUT.20150828_04h00                                                    
 KTYPE=           1
 YCOMMAND=transfer.x MESONH         SURFOUT.20150828_04h00                                                    
 KTYPE=           1
 YCOMMAND=transfer.x MESONH         SURFOUT.20150828_04h00                                                    
 KTYPE=           1
 YCOMMAND=transfer.x MESONH         SURFOUT.20150828_04h00                                                    
 KTYPE=           1
 YCOMMAND=transfer.x MESONH         SURFOUT.20150828_04h00                                                    
 KTYPE=           1
 YCOMMAND=transfer.x MESONH         SURFOUT.20150828_04h00                                                    
 KTYPE=           1
 YCOMMAND=transfer.x MESONH         SURFOUT.20150828_05h00                                                    
 KTYPE=           1
 YCOMMAND=transfer.x MESONH         SURFOUT.20150828_05h00                                                    
 KTYPE=           1
 YCOMMAND=transfer.x MESONH         SURFOUT.20150828_05h00                                                    
 KTYPE=           1
 YCOMMAND=transfer.x MESONH         SURFOUT.20150828_05h00                                                    
 KTYPE=           1
 YCOMMAND=transfer.x MESONH         SURFOUT.20150828_05h00                                                    
 KTYPE=           1
 YCOMMAND=transfer.x MESONH         SURFOUT.20150828_05h00                                                    
 KTYPE=           1
 YCOMMAND=transfer.x MESONH         SURFOUT.20150828_05h00                                                    
 KTYPE=           1
 YCOMMAND=transfer.x MESONH         SURFOUT.20150828_05h00                                                    
 KTYPE=           1
 YCOMMAND=transfer.x MESONH         SURFOUT.20150828_05h00                                                    
 KTYPE=           1
 YCOMMAND=transfer.x MESONH         SURFOUT.20150828_06h00                                                    
 KTYPE=           1
 YCOMMAND=transfer.x MESONH         SURFOUT.20150828_06h00                                                    
 KTYPE=           1
 YCOMMAND=transfer.x MESONH         SURFOUT.20150828_06h00                                                    
 KTYPE=           1
 YCOMMAND=transfer.x MESONH         SURFOUT.20150828_06h00                                                    
 KTYPE=           1
 YCOMMAND=transfer.x MESONH         SURFOUT.20150828_06h00                                                    
 KTYPE=           1
 YCOMMAND=transfer.x MESONH         SURFOUT.20150828_06h00                                                    
 KTYPE=           1
 YCOMMAND=transfer.x MESONH         SURFOUT.20150828_06h00                                                    
 KTYPE=           1
 YCOMMAND=transfer.x MESONH         SURFOUT.20150828_06h00                                                    
 KTYPE=           1
 YCOMMAND=transfer.x MESONH         SURFOUT.20150828_06h00                                                    
  
     --------------------------
     | OFFLINE ENDS CORRECTLY |
     --------------------------
  
Running offline for perturbation 2
 CAUTION: DID YOU THINK TO SET OMP_NUM_THREADS=1?
 PLEASE VERIFY OMP_NUM_THREADS IS INITIALIZED : TYPE ECHO $OMP_NUM_THREADS IN A TERMINAL
 KTYPE=           1
 YCOMMAND=transfer.x MESONH         PGD_SODA                                                                  
 KTYPE=           1
 YCOMMAND=transfer.x MESONH         PGD_SODA                                                                  
 KTYPE=           1
 YCOMMAND=transfer.x MESONH         PREP_SODA                                                                 
 KTYPE=           1
 YCOMMAND=transfer.x MESONH         PGD_SODA                                                                  
 KTYPE=           1
 YCOMMAND=transfer.x MESONH         PREP_SODA                                                                 
 KTYPE=           1
 YCOMMAND=transfer.x MESONH         PGD_SODA                                                                  
 KTYPE=           1
 YCOMMAND=transfer.x MESONH         PREP_SODA                                                                 
 KTYPE=           1
 YCOMMAND=transfer.x MESONH         PREP_SODA                                                                 
 KTYPE=           1
 YCOMMAND=transfer.x MESONH         PREP_SODA                                                                 
 KTYPE=           1
 YCOMMAND=transfer.x MESONH         PREP_SODA                                                                 
 KTYPE=           1
 YCOMMAND=transfer.x MESONH         PGD_SODA                                                                  
 KTYPE=           1
 YCOMMAND=transfer.x MESONH         PREP_SODA                                                                 
 KTYPE=           1
 YCOMMAND=transfer.x MESONH         PREP_SODA                                                                 
 KTYPE=           1
 YCOMMAND=transfer.x MESONH         PGD_SODA                                                                  
 KTYPE=           1
 YCOMMAND=transfer.x MESONH         PREP_SODA                                                                 
 KTYPE=           1
 YCOMMAND=transfer.x MESONH         PGD_SODA                                                                  
 KTYPE=           1
 YCOMMAND=transfer.x MESONH         PREP_SODA                                                                 
 KTYPE=           1
 YCOMMAND=transfer.x MESONH         PGD_SODA                                                                  
 KTYPE=           1
 YCOMMAND=transfer.x MESONH         PREP_SODA                                                                 
 KTYPE=           1
 YCOMMAND=transfer.x MESONH         SURFOUT.20150828_01h00                                                    
 KTYPE=           1
 YCOMMAND=transfer.x MESONH         SURFOUT.20150828_01h00                                                    
 KTYPE=           1
 YCOMMAND=transfer.x MESONH         SURFOUT.20150828_01h00                                                    
 KTYPE=           1
 YCOMMAND=transfer.x MESONH         SURFOUT.20150828_01h00                                                    
 KTYPE=           1
 YCOMMAND=transfer.x MESONH         SURFOUT.20150828_01h00                                                    
 KTYPE=           1
 YCOMMAND=transfer.x MESONH         SURFOUT.20150828_01h00                                                    
 KTYPE=           1
 YCOMMAND=transfer.x MESONH         SURFOUT.20150828_01h00                                                    
 KTYPE=           1
 YCOMMAND=transfer.x MESONH         SURFOUT.20150828_01h00                                                    
 KTYPE=           1
 YCOMMAND=transfer.x MESONH         SURFOUT.20150828_01h00                                                    
 KTYPE=           1
 YCOMMAND=transfer.x MESONH         SURFOUT.20150828_02h00                                                    
 KTYPE=           1
 YCOMMAND=transfer.x MESONH         SURFOUT.20150828_02h00                                                    
 KTYPE=           1
 YCOMMAND=transfer.x MESONH         SURFOUT.20150828_02h00                                                    
 KTYPE=           1
 YCOMMAND=transfer.x MESONH         SURFOUT.20150828_02h00                                                    
 KTYPE=           1
 YCOMMAND=transfer.x MESONH         SURFOUT.20150828_02h00                                                    
 KTYPE=           1
 YCOMMAND=transfer.x MESONH         SURFOUT.20150828_02h00                                                    
 KTYPE=           1
 YCOMMAND=transfer.x MESONH         SURFOUT.20150828_02h00                                                    
 KTYPE=           1
 YCOMMAND=transfer.x MESONH         SURFOUT.20150828_02h00                                                    
 KTYPE=           1
 YCOMMAND=transfer.x MESONH         SURFOUT.20150828_02h00                                                    
 KTYPE=           1
 YCOMMAND=transfer.x MESONH         SURFOUT.20150828_03h00                                                    
 KTYPE=           1
 YCOMMAND=transfer.x MESONH         SURFOUT.20150828_03h00                                                    
 KTYPE=           1
 YCOMMAND=transfer.x MESONH         SURFOUT.20150828_03h00                                                    
 KTYPE=           1
 YCOMMAND=transfer.x MESONH         SURFOUT.20150828_03h00                                                    
 KTYPE=           1
 YCOMMAND=transfer.x MESONH         SURFOUT.20150828_03h00                                                    
 KTYPE=           1
 YCOMMAND=transfer.x MESONH         SURFOUT.20150828_03h00                                                    
 KTYPE=           1
 YCOMMAND=transfer.x MESONH         SURFOUT.20150828_03h00                                                    
 KTYPE=           1
 YCOMMAND=transfer.x MESONH         SURFOUT.20150828_03h00                                                    
 KTYPE=           1
 YCOMMAND=transfer.x MESONH         SURFOUT.20150828_03h00                                                    
 KTYPE=           1
 YCOMMAND=transfer.x MESONH         SURFOUT.20150828_04h00                                                    
 KTYPE=           1
 YCOMMAND=transfer.x MESONH         SURFOUT.20150828_04h00                                                    
 KTYPE=           1
 YCOMMAND=transfer.x MESONH         SURFOUT.20150828_04h00                                                    
 KTYPE=           1
 YCOMMAND=transfer.x MESONH         SURFOUT.20150828_04h00                                                    
 KTYPE=           1
 YCOMMAND=transfer.x MESONH         SURFOUT.20150828_04h00                                                    
 KTYPE=           1
 YCOMMAND=transfer.x MESONH         SURFOUT.20150828_04h00                                                    
 KTYPE=           1
 YCOMMAND=transfer.x MESONH         SURFOUT.20150828_04h00                                                    
 KTYPE=           1
 YCOMMAND=transfer.x MESONH         SURFOUT.20150828_04h00                                                    
 KTYPE=           1
 YCOMMAND=transfer.x MESONH         SURFOUT.20150828_04h00                                                    
 KTYPE=           1
 YCOMMAND=transfer.x MESONH         SURFOUT.20150828_05h00                                                    
 KTYPE=           1
 YCOMMAND=transfer.x MESONH         SURFOUT.20150828_05h00                                                    
 KTYPE=           1
 YCOMMAND=transfer.x MESONH         SURFOUT.20150828_05h00                                                    
 KTYPE=           1
 YCOMMAND=transfer.x MESONH         SURFOUT.20150828_05h00                                                    
 KTYPE=           1
 YCOMMAND=transfer.x MESONH         SURFOUT.20150828_05h00                                                    
 KTYPE=           1
 YCOMMAND=transfer.x MESONH         SURFOUT.20150828_05h00                                                    
 KTYPE=           1
 YCOMMAND=transfer.x MESONH         SURFOUT.20150828_05h00                                                    
 KTYPE=           1
 YCOMMAND=transfer.x MESONH         SURFOUT.20150828_05h00                                                    
 KTYPE=           1
 YCOMMAND=transfer.x MESONH         SURFOUT.20150828_05h00                                                    
 KTYPE=           1
 YCOMMAND=transfer.x MESONH         SURFOUT.20150828_06h00                                                    
 KTYPE=           1
 YCOMMAND=transfer.x MESONH         SURFOUT.20150828_06h00                                                    
 KTYPE=           1
 YCOMMAND=transfer.x MESONH         SURFOUT.20150828_06h00                                                    
 KTYPE=           1
 YCOMMAND=transfer.x MESONH         SURFOUT.20150828_06h00                                                    
 KTYPE=           1
 YCOMMAND=transfer.x MESONH         SURFOUT.20150828_06h00                                                    
 KTYPE=           1
 YCOMMAND=transfer.x MESONH         SURFOUT.20150828_06h00                                                    
 KTYPE=           1
 YCOMMAND=transfer.x MESONH         SURFOUT.20150828_06h00                                                    
 KTYPE=           1
 YCOMMAND=transfer.x MESONH         SURFOUT.20150828_06h00                                                    
 KTYPE=           1
 YCOMMAND=transfer.x MESONH         SURFOUT.20150828_06h00                                                    
  
     --------------------------
     | OFFLINE ENDS CORRECTLY |
     --------------------------
  
Running offline for perturbation 3
 CAUTION: DID YOU THINK TO SET OMP_NUM_THREADS=1?
 PLEASE VERIFY OMP_NUM_THREADS IS INITIALIZED : TYPE ECHO $OMP_NUM_THREADS IN A TERMINAL
 KTYPE=           1
 YCOMMAND=transfer.x MESONH         PGD_SODA                                                                  
 KTYPE=           1
 YCOMMAND=transfer.x MESONH         PGD_SODA                                                                  
 KTYPE=           1
 YCOMMAND=transfer.x MESONH         PREP_SODA                                                                 
 KTYPE=           1
 YCOMMAND=transfer.x MESONH         PGD_SODA                                                                  
 KTYPE=           1
 YCOMMAND=transfer.x MESONH         PREP_SODA                                                                 
 KTYPE=           1
 YCOMMAND=transfer.x MESONH         PGD_SODA                                                                  
 KTYPE=           1
 YCOMMAND=transfer.x MESONH         PREP_SODA                                                                 
 KTYPE=           1
 YCOMMAND=transfer.x MESONH         PREP_SODA                                                                 
 KTYPE=           1
 YCOMMAND=transfer.x MESONH         PREP_SODA                                                                 
 KTYPE=           1
 YCOMMAND=transfer.x MESONH         PREP_SODA                                                                 
 KTYPE=           1
 YCOMMAND=transfer.x MESONH         PGD_SODA                                                                  
 KTYPE=           1
 YCOMMAND=transfer.x MESONH         PREP_SODA                                                                 
 KTYPE=           1
 YCOMMAND=transfer.x MESONH         PREP_SODA                                                                 
 KTYPE=           1
 YCOMMAND=transfer.x MESONH         PGD_SODA                                                                  
 KTYPE=           1
 YCOMMAND=transfer.x MESONH         PREP_SODA                                                                 
 KTYPE=           1
 YCOMMAND=transfer.x MESONH         PGD_SODA                                                                  
 KTYPE=           1
 YCOMMAND=transfer.x MESONH         PREP_SODA                                                                 
 KTYPE=           1
 YCOMMAND=transfer.x MESONH         PGD_SODA                                                                  
 KTYPE=           1
 YCOMMAND=transfer.x MESONH         PREP_SODA                                                                 
 KTYPE=           1
 YCOMMAND=transfer.x MESONH         SURFOUT.20150828_01h00                                                    
 KTYPE=           1
 YCOMMAND=transfer.x MESONH         SURFOUT.20150828_01h00                                                    
 KTYPE=           1
 YCOMMAND=transfer.x MESONH         SURFOUT.20150828_01h00                                                    
 KTYPE=           1
 YCOMMAND=transfer.x MESONH         SURFOUT.20150828_01h00                                                    
 KTYPE=           1
 YCOMMAND=transfer.x MESONH         SURFOUT.20150828_01h00                                                    
 KTYPE=           1
 YCOMMAND=transfer.x MESONH         SURFOUT.20150828_01h00                                                    
 KTYPE=           1
 YCOMMAND=transfer.x MESONH         SURFOUT.20150828_01h00                                                    
 KTYPE=           1
 YCOMMAND=transfer.x MESONH         SURFOUT.20150828_01h00                                                    
 KTYPE=           1
 YCOMMAND=transfer.x MESONH         SURFOUT.20150828_01h00                                                    
 KTYPE=           1
 YCOMMAND=transfer.x MESONH         SURFOUT.20150828_02h00                                                    
 KTYPE=           1
 YCOMMAND=transfer.x MESONH         SURFOUT.20150828_02h00                                                    
 KTYPE=           1
 YCOMMAND=transfer.x MESONH         SURFOUT.20150828_02h00                                                    
 KTYPE=           1
 YCOMMAND=transfer.x MESONH         SURFOUT.20150828_02h00                                                    
 KTYPE=           1
 YCOMMAND=transfer.x MESONH         SURFOUT.20150828_02h00                                                    
 KTYPE=           1
 YCOMMAND=transfer.x MESONH         SURFOUT.20150828_02h00                                                    
 KTYPE=           1
 YCOMMAND=transfer.x MESONH         SURFOUT.20150828_02h00                                                    
 KTYPE=           1
 YCOMMAND=transfer.x MESONH         SURFOUT.20150828_02h00                                                    
 KTYPE=           1
 YCOMMAND=transfer.x MESONH         SURFOUT.20150828_02h00                                                    
 KTYPE=           1
 YCOMMAND=transfer.x MESONH         SURFOUT.20150828_03h00                                                    
 KTYPE=           1
 YCOMMAND=transfer.x MESONH         SURFOUT.20150828_03h00                                                    
 KTYPE=           1
 YCOMMAND=transfer.x MESONH         SURFOUT.20150828_03h00                                                    
 KTYPE=           1
 YCOMMAND=transfer.x MESONH         SURFOUT.20150828_03h00                                                    
 KTYPE=           1
 YCOMMAND=transfer.x MESONH         SURFOUT.20150828_03h00                                                    
 KTYPE=           1
 YCOMMAND=transfer.x MESONH         SURFOUT.20150828_03h00                                                    
 KTYPE=           1
 YCOMMAND=transfer.x MESONH         SURFOUT.20150828_03h00                                                    
 KTYPE=           1
 YCOMMAND=transfer.x MESONH         SURFOUT.20150828_03h00                                                    
 KTYPE=           1
 YCOMMAND=transfer.x MESONH         SURFOUT.20150828_03h00                                                    
 KTYPE=           1
 YCOMMAND=transfer.x MESONH         SURFOUT.20150828_04h00                                                    
 KTYPE=           1
 YCOMMAND=transfer.x MESONH         SURFOUT.20150828_04h00                                                    
 KTYPE=           1
 YCOMMAND=transfer.x MESONH         SURFOUT.20150828_04h00                                                    
 KTYPE=           1
 YCOMMAND=transfer.x MESONH         SURFOUT.20150828_04h00                                                    
 KTYPE=           1
 YCOMMAND=transfer.x MESONH         SURFOUT.20150828_04h00                                                    
 KTYPE=           1
 YCOMMAND=transfer.x MESONH         SURFOUT.20150828_04h00                                                    
 KTYPE=           1
 YCOMMAND=transfer.x MESONH         SURFOUT.20150828_04h00                                                    
 KTYPE=           1
 YCOMMAND=transfer.x MESONH         SURFOUT.20150828_04h00                                                    
 KTYPE=           1
 YCOMMAND=transfer.x MESONH         SURFOUT.20150828_04h00                                                    
 KTYPE=           1
 YCOMMAND=transfer.x MESONH         SURFOUT.20150828_05h00                                                    
 KTYPE=           1
 YCOMMAND=transfer.x MESONH         SURFOUT.20150828_05h00                                                    
 KTYPE=           1
 YCOMMAND=transfer.x MESONH         SURFOUT.20150828_05h00                                                    
 KTYPE=           1
 YCOMMAND=transfer.x MESONH         SURFOUT.20150828_05h00                                                    
 KTYPE=           1
 YCOMMAND=transfer.x MESONH         SURFOUT.20150828_05h00                                                    
 KTYPE=           1
 YCOMMAND=transfer.x MESONH         SURFOUT.20150828_05h00                                                    
 KTYPE=           1
 YCOMMAND=transfer.x MESONH         SURFOUT.20150828_05h00                                                    
 KTYPE=           1
 YCOMMAND=transfer.x MESONH         SURFOUT.20150828_05h00                                                    
 KTYPE=           1
 YCOMMAND=transfer.x MESONH         SURFOUT.20150828_05h00                                                    
 KTYPE=           1
 YCOMMAND=transfer.x MESONH         SURFOUT.20150828_06h00                                                    
 KTYPE=           1
 YCOMMAND=transfer.x MESONH         SURFOUT.20150828_06h00                                                    
 KTYPE=           1
 YCOMMAND=transfer.x MESONH         SURFOUT.20150828_06h00                                                    
 KTYPE=           1
 YCOMMAND=transfer.x MESONH         SURFOUT.20150828_06h00                                                    
 KTYPE=           1
 YCOMMAND=transfer.x MESONH         SURFOUT.20150828_06h00                                                    
 KTYPE=           1
 YCOMMAND=transfer.x MESONH         SURFOUT.20150828_06h00                                                    
 KTYPE=           1
 YCOMMAND=transfer.x MESONH         SURFOUT.20150828_06h00                                                    
 KTYPE=           1
 YCOMMAND=transfer.x MESONH         SURFOUT.20150828_06h00                                                    
 KTYPE=           1
 YCOMMAND=transfer.x MESONH         SURFOUT.20150828_06h00                                                    
  
     --------------------------
     | OFFLINE ENDS CORRECTLY |
     --------------------------
  
Running offline for perturbation 4
 CAUTION: DID YOU THINK TO SET OMP_NUM_THREADS=1?
 PLEASE VERIFY OMP_NUM_THREADS IS INITIALIZED : TYPE ECHO $OMP_NUM_THREADS IN A TERMINAL
 KTYPE=           1
 YCOMMAND=transfer.x MESONH         PGD_SODA                                                                  
 KTYPE=           1
 YCOMMAND=transfer.x MESONH         PGD_SODA                                                                  
 KTYPE=           1
 YCOMMAND=transfer.x MESONH         PREP_SODA                                                                 
 KTYPE=           1
 YCOMMAND=transfer.x MESONH         PGD_SODA                                                                  
 KTYPE=           1
 YCOMMAND=transfer.x MESONH         PREP_SODA                                                                 
 KTYPE=           1
 YCOMMAND=transfer.x MESONH         PGD_SODA                                                                  
 KTYPE=           1
 YCOMMAND=transfer.x MESONH         PREP_SODA                                                                 
 KTYPE=           1
 YCOMMAND=transfer.x MESONH         PREP_SODA                                                                 
 KTYPE=           1
 YCOMMAND=transfer.x MESONH         PREP_SODA                                                                 
 KTYPE=           1
 YCOMMAND=transfer.x MESONH         PREP_SODA                                                                 
 KTYPE=           1
 YCOMMAND=transfer.x MESONH         PGD_SODA                                                                  
 KTYPE=           1
 YCOMMAND=transfer.x MESONH         PREP_SODA                                                                 
 KTYPE=           1
 YCOMMAND=transfer.x MESONH         PREP_SODA                                                                 
 KTYPE=           1
 YCOMMAND=transfer.x MESONH         PGD_SODA                                                                  
 KTYPE=           1
 YCOMMAND=transfer.x MESONH         PREP_SODA                                                                 
 KTYPE=           1
 YCOMMAND=transfer.x MESONH         PGD_SODA                                                                  
 KTYPE=           1
 YCOMMAND=transfer.x MESONH         PREP_SODA                                                                 
 KTYPE=           1
 YCOMMAND=transfer.x MESONH         PGD_SODA                                                                  
 KTYPE=           1
 YCOMMAND=transfer.x MESONH         PREP_SODA                                                                 
 KTYPE=           1
 YCOMMAND=transfer.x MESONH         SURFOUT.20150828_01h00                                                    
 KTYPE=           1
 YCOMMAND=transfer.x MESONH         SURFOUT.20150828_01h00                                                    
 KTYPE=           1
 YCOMMAND=transfer.x MESONH         SURFOUT.20150828_01h00                                                    
 KTYPE=           1
 YCOMMAND=transfer.x MESONH         SURFOUT.20150828_01h00                                                    
 KTYPE=           1
 YCOMMAND=transfer.x MESONH         SURFOUT.20150828_01h00                                                    
 KTYPE=           1
 YCOMMAND=transfer.x MESONH         SURFOUT.20150828_01h00                                                    
 KTYPE=           1
 YCOMMAND=transfer.x MESONH         SURFOUT.20150828_01h00                                                    
 KTYPE=           1
 YCOMMAND=transfer.x MESONH         SURFOUT.20150828_01h00                                                    
 KTYPE=           1
 YCOMMAND=transfer.x MESONH         SURFOUT.20150828_01h00                                                    
 KTYPE=           1
 YCOMMAND=transfer.x MESONH         SURFOUT.20150828_02h00                                                    
 KTYPE=           1
 YCOMMAND=transfer.x MESONH         SURFOUT.20150828_02h00                                                    
 KTYPE=           1
 YCOMMAND=transfer.x MESONH         SURFOUT.20150828_02h00                                                    
 KTYPE=           1
 YCOMMAND=transfer.x MESONH         SURFOUT.20150828_02h00                                                    
 KTYPE=           1
 YCOMMAND=transfer.x MESONH         SURFOUT.20150828_02h00                                                    
 KTYPE=           1
 YCOMMAND=transfer.x MESONH         SURFOUT.20150828_02h00                                                    
 KTYPE=           1
 YCOMMAND=transfer.x MESONH         SURFOUT.20150828_02h00                                                    
 KTYPE=           1
 YCOMMAND=transfer.x MESONH         SURFOUT.20150828_02h00                                                    
 KTYPE=           1
 YCOMMAND=transfer.x MESONH         SURFOUT.20150828_02h00                                                    
 KTYPE=           1
 YCOMMAND=transfer.x MESONH         SURFOUT.20150828_03h00                                                    
 KTYPE=           1
 YCOMMAND=transfer.x MESONH         SURFOUT.20150828_03h00                                                    
 KTYPE=           1
 YCOMMAND=transfer.x MESONH         SURFOUT.20150828_03h00                                                    
 KTYPE=           1
 YCOMMAND=transfer.x MESONH         SURFOUT.20150828_03h00                                                    
 KTYPE=           1
 YCOMMAND=transfer.x MESONH         SURFOUT.20150828_03h00                                                    
 KTYPE=           1
 YCOMMAND=transfer.x MESONH         SURFOUT.20150828_03h00                                                    
 KTYPE=           1
 YCOMMAND=transfer.x MESONH         SURFOUT.20150828_03h00                                                    
 KTYPE=           1
 YCOMMAND=transfer.x MESONH         SURFOUT.20150828_03h00                                                    
 KTYPE=           1
 YCOMMAND=transfer.x MESONH         SURFOUT.20150828_03h00                                                    
 KTYPE=           1
 YCOMMAND=transfer.x MESONH         SURFOUT.20150828_04h00                                                    
 KTYPE=           1
 YCOMMAND=transfer.x MESONH         SURFOUT.20150828_04h00                                                    
 KTYPE=           1
 YCOMMAND=transfer.x MESONH         SURFOUT.20150828_04h00                                                    
 KTYPE=           1
 YCOMMAND=transfer.x MESONH         SURFOUT.20150828_04h00                                                    
 KTYPE=           1
 YCOMMAND=transfer.x MESONH         SURFOUT.20150828_04h00                                                    
 KTYPE=           1
 YCOMMAND=transfer.x MESONH         SURFOUT.20150828_04h00                                                    
 KTYPE=           1
 YCOMMAND=transfer.x MESONH         SURFOUT.20150828_04h00                                                    
 KTYPE=           1
 YCOMMAND=transfer.x MESONH         SURFOUT.20150828_04h00                                                    
 KTYPE=           1
 YCOMMAND=transfer.x MESONH         SURFOUT.20150828_04h00                                                    
 KTYPE=           1
 YCOMMAND=transfer.x MESONH         SURFOUT.20150828_05h00                                                    
 KTYPE=           1
 YCOMMAND=transfer.x MESONH         SURFOUT.20150828_05h00                                                    
 KTYPE=           1
 YCOMMAND=transfer.x MESONH         SURFOUT.20150828_05h00                                                    
 KTYPE=           1
 YCOMMAND=transfer.x MESONH         SURFOUT.20150828_05h00                                                    
 KTYPE=           1
 YCOMMAND=transfer.x MESONH         SURFOUT.20150828_05h00                                                    
 KTYPE=           1
 YCOMMAND=transfer.x MESONH         SURFOUT.20150828_05h00                                                    
 KTYPE=           1
 YCOMMAND=transfer.x MESONH         SURFOUT.20150828_05h00                                                    
 KTYPE=           1
 YCOMMAND=transfer.x MESONH         SURFOUT.20150828_05h00                                                    
 KTYPE=           1
 YCOMMAND=transfer.x MESONH         SURFOUT.20150828_05h00                                                    
 KTYPE=           1
 YCOMMAND=transfer.x MESONH         SURFOUT.20150828_06h00                                                    
 KTYPE=           1
 YCOMMAND=transfer.x MESONH         SURFOUT.20150828_06h00                                                    
 KTYPE=           1
 YCOMMAND=transfer.x MESONH         SURFOUT.20150828_06h00                                                    
 KTYPE=           1
 YCOMMAND=transfer.x MESONH         SURFOUT.20150828_06h00                                                    
 KTYPE=           1
 YCOMMAND=transfer.x MESONH         SURFOUT.20150828_06h00                                                    
 KTYPE=           1
 YCOMMAND=transfer.x MESONH         SURFOUT.20150828_06h00                                                    
 KTYPE=           1
 YCOMMAND=transfer.x MESONH         SURFOUT.20150828_06h00                                                    
 KTYPE=           1
 YCOMMAND=transfer.x MESONH         SURFOUT.20150828_06h00                                                    
 KTYPE=           1
 YCOMMAND=transfer.x MESONH         SURFOUT.20150828_06h00                                                    
  
     --------------------------
     | OFFLINE ENDS CORRECTLY |
     --------------------------
  
Assuming we are evolving B matrix from initial state for first cycle with assimilation

    ------------------------------------
    |               SODA               |
    | SURFEX OFFLINE DATA ASSIMILATION |
    ------------------------------------

 KTYPE=           1
 YCOMMAND=transfer.x MESONH         PGD_SODA                                                                  
 KTYPE=           1
 YCOMMAND=transfer.x MESONH         PGD_SODA                                                                  
 KTYPE=           1
 YCOMMAND=transfer.x MESONH         PREP_SODA                                                                 
 INITIALIZING SURFEX...
 KTYPE=           1
 YCOMMAND=transfer.x MESONH         PREP_INIT                                                                 
 KTYPE=           1
 YCOMMAND=transfer.x MESONH         PGD_SODA                                                                  
 KTYPE=           1
 YCOMMAND=transfer.x MESONH         PREP_INIT                                                                 
 KTYPE=           1
 YCOMMAND=transfer.x MESONH         PREP_INIT                                                                 
 KTYPE=           1
 YCOMMAND=transfer.x MESONH         PREP_INIT                                                                 
 KTYPE=           1
 YCOMMAND=transfer.x MESONH         PREP_INIT                                                                 
 KTYPE=           1
 YCOMMAND=transfer.x MESONH         PGD_SODA                                                                  
 KTYPE=           1
 YCOMMAND=transfer.x MESONH         PREP_INIT                                                                 
 KTYPE=           1
 YCOMMAND=transfer.x MESONH         PREP_INIT                                                                 
 KTYPE=           1
 YCOMMAND=transfer.x MESONH         PGD_SODA                                                                  
 KTYPE=           1
 YCOMMAND=transfer.x MESONH         PREP_INIT                                                                 
 KTYPE=           1
 YCOMMAND=transfer.x MESONH         PGD_SODA                                                                  
 KTYPE=           1
 YCOMMAND=transfer.x MESONH         PREP_INIT                                                                 
 KTYPE=           1
 YCOMMAND=transfer.x MESONH         PGD_SODA                                                                  
 KTYPE=           1
 YCOMMAND=transfer.x MESONH         PREP_INIT                                                                 
 KTYPE=           1
 YCOMMAND=transfer.x MESONH         PREP_150828H06_EKF_PERT4                                                  
 KTYPE=           1
 YCOMMAND=transfer.x MESONH         PGD_SODA                                                                  
 KTYPE=           1
 YCOMMAND=transfer.x MESONH         PREP_150828H06_EKF_PERT4                                                  
 KTYPE=           1
 YCOMMAND=transfer.x MESONH         PREP_150828H06_EKF_PERT4                                                  
 KTYPE=           1
 YCOMMAND=transfer.x MESONH         PREP_150828H06_EKF_PERT4                                                  
 KTYPE=           1
 YCOMMAND=transfer.x MESONH         PREP_150828H06_EKF_PERT4                                                  
 KTYPE=           1
 YCOMMAND=transfer.x MESONH         PGD_SODA                                                                  
 KTYPE=           1
 YCOMMAND=transfer.x MESONH         PREP_150828H06_EKF_PERT4                                                  
 KTYPE=           1
 YCOMMAND=transfer.x MESONH         PREP_150828H06_EKF_PERT4                                                  
 KTYPE=           1
 YCOMMAND=transfer.x MESONH         PGD_SODA                                                                  
 KTYPE=           1
 YCOMMAND=transfer.x MESONH         PREP_150828H06_EKF_PERT4                                                  
 KTYPE=           1
 YCOMMAND=transfer.x MESONH         PGD_SODA                                                                  
 KTYPE=           1
 YCOMMAND=transfer.x MESONH         PREP_150828H06_EKF_PERT4                                                  
 KTYPE=           1
 YCOMMAND=transfer.x MESONH         PGD_SODA                                                                  
 KTYPE=           1
 YCOMMAND=transfer.x MESONH         PREP_150828H06_EKF_PERT4                                                  
 KTYPE=           1
 YCOMMAND=transfer.x MESONH         PREP_150828H06_EKF_PERT3                                                  
 KTYPE=           1
 YCOMMAND=transfer.x MESONH         PGD_SODA                                                                  
 KTYPE=           1
 YCOMMAND=transfer.x MESONH         PREP_150828H06_EKF_PERT3                                                  
 KTYPE=           1
 YCOMMAND=transfer.x MESONH         PREP_150828H06_EKF_PERT3                                                  
 KTYPE=           1
 YCOMMAND=transfer.x MESONH         PREP_150828H06_EKF_PERT3                                                  
 KTYPE=           1
 YCOMMAND=transfer.x MESONH         PREP_150828H06_EKF_PERT3                                                  
 KTYPE=           1
 YCOMMAND=transfer.x MESONH         PGD_SODA                                                                  
 KTYPE=           1
 YCOMMAND=transfer.x MESONH         PREP_150828H06_EKF_PERT3                                                  
 KTYPE=           1
 YCOMMAND=transfer.x MESONH         PREP_150828H06_EKF_PERT3                                                  
 KTYPE=           1
 YCOMMAND=transfer.x MESONH         PGD_SODA                                                                  
 KTYPE=           1
 YCOMMAND=transfer.x MESONH         PREP_150828H06_EKF_PERT3                                                  
 KTYPE=           1
 YCOMMAND=transfer.x MESONH         PGD_SODA                                                                  
 KTYPE=           1
 YCOMMAND=transfer.x MESONH         PREP_150828H06_EKF_PERT3                                                  
 KTYPE=           1
 YCOMMAND=transfer.x MESONH         PGD_SODA                                                                  
 KTYPE=           1
 YCOMMAND=transfer.x MESONH         PREP_150828H06_EKF_PERT3                                                  
 KTYPE=           1
 YCOMMAND=transfer.x MESONH         PREP_150828H06_EKF_PERT2                                                  
 KTYPE=           1
 YCOMMAND=transfer.x MESONH         PGD_SODA                                                                  
 KTYPE=           1
 YCOMMAND=transfer.x MESONH         PREP_150828H06_EKF_PERT2                                                  
 KTYPE=           1
 YCOMMAND=transfer.x MESONH         PREP_150828H06_EKF_PERT2                                                  
 KTYPE=           1
 YCOMMAND=transfer.x MESONH         PREP_150828H06_EKF_PERT2                                                  
 KTYPE=           1
 YCOMMAND=transfer.x MESONH         PREP_150828H06_EKF_PERT2                                                  
 KTYPE=           1
 YCOMMAND=transfer.x MESONH         PGD_SODA                                                                  
 KTYPE=           1
 YCOMMAND=transfer.x MESONH         PREP_150828H06_EKF_PERT2                                                  
 KTYPE=           1
 YCOMMAND=transfer.x MESONH         PREP_150828H06_EKF_PERT2                                                  
 KTYPE=           1
 YCOMMAND=transfer.x MESONH         PGD_SODA                                                                  
 KTYPE=           1
 YCOMMAND=transfer.x MESONH         PREP_150828H06_EKF_PERT2                                                  
 KTYPE=           1
 YCOMMAND=transfer.x MESONH         PGD_SODA                                                                  
 KTYPE=           1
 YCOMMAND=transfer.x MESONH         PREP_150828H06_EKF_PERT2                                                  
 KTYPE=           1
 YCOMMAND=transfer.x MESONH         PGD_SODA                                                                  
 KTYPE=           1
 YCOMMAND=transfer.x MESONH         PREP_150828H06_EKF_PERT2                                                  
 KTYPE=           1
 YCOMMAND=transfer.x MESONH         PREP_150828H06_EKF_PERT1                                                  
 KTYPE=           1
 YCOMMAND=transfer.x MESONH         PGD_SODA                                                                  
 KTYPE=           1
 YCOMMAND=transfer.x MESONH         PREP_150828H06_EKF_PERT1                                                  
 KTYPE=           1
 YCOMMAND=transfer.x MESONH         PREP_150828H06_EKF_PERT1                                                  
 KTYPE=           1
 YCOMMAND=transfer.x MESONH         PREP_150828H06_EKF_PERT1                                                  
 KTYPE=           1
 YCOMMAND=transfer.x MESONH         PREP_150828H06_EKF_PERT1                                                  
 KTYPE=           1
 YCOMMAND=transfer.x MESONH         PGD_SODA                                                                  
 KTYPE=           1
 YCOMMAND=transfer.x MESONH         PREP_150828H06_EKF_PERT1                                                  
 KTYPE=           1
 YCOMMAND=transfer.x MESONH         PREP_150828H06_EKF_PERT1                                                  
 KTYPE=           1
 YCOMMAND=transfer.x MESONH         PGD_SODA                                                                  
 KTYPE=           1
 YCOMMAND=transfer.x MESONH         PREP_150828H06_EKF_PERT1                                                  
 KTYPE=           1
 YCOMMAND=transfer.x MESONH         PGD_SODA                                                                  
 KTYPE=           1
 YCOMMAND=transfer.x MESONH         PREP_150828H06_EKF_PERT1                                                  
 KTYPE=           1
 YCOMMAND=transfer.x MESONH         PGD_SODA                                                                  
 KTYPE=           1
 YCOMMAND=transfer.x MESONH         PREP_150828H06_EKF_PERT1                                                  
 KTYPE=           1
 YCOMMAND=transfer.x MESONH         PREP_150828H06_EKF_PERT0                                                  
 KTYPE=           1
 YCOMMAND=transfer.x MESONH         PGD_SODA                                                                  
 KTYPE=           1
 YCOMMAND=transfer.x MESONH         PREP_150828H06_EKF_PERT0                                                  
 KTYPE=           1
 YCOMMAND=transfer.x MESONH         PREP_150828H06_EKF_PERT0                                                  
 KTYPE=           1
 YCOMMAND=transfer.x MESONH         PREP_150828H06_EKF_PERT0                                                  
 KTYPE=           1
 YCOMMAND=transfer.x MESONH         PREP_150828H06_EKF_PERT0                                                  
 KTYPE=           1
 YCOMMAND=transfer.x MESONH         PGD_SODA                                                                  
 KTYPE=           1
 YCOMMAND=transfer.x MESONH         PREP_150828H06_EKF_PERT0                                                  
 KTYPE=           1
 YCOMMAND=transfer.x MESONH         PREP_150828H06_EKF_PERT0                                                  
 KTYPE=           1
 YCOMMAND=transfer.x MESONH         PGD_SODA                                                                  
 KTYPE=           1
 YCOMMAND=transfer.x MESONH         PREP_150828H06_EKF_PERT0                                                  
 KTYPE=           1
 YCOMMAND=transfer.x MESONH         PGD_SODA                                                                  
 KTYPE=           1
 YCOMMAND=transfer.x MESONH         PREP_150828H06_EKF_PERT0                                                  
 KTYPE=           1
 YCOMMAND=transfer.x MESONH         PGD_SODA                                                                  
 KTYPE=           1
 YCOMMAND=transfer.x MESONH         PREP_150828H06_EKF_PERT0                                                  
 Read observation file OK
 PERFORMIMG OFFLINE SURFEX DATA ASSIMILATION...
 *********************************************
 *      ASSIMILATIONS FOR NATURE POINTS      *
 *********************************************
 SNOW IS NOT UPDATED FROM ANALYSED VALUES

    --------------------------
    |   ENTERING  VARASSIM   |
    --------------------------

 number of patches =          12
 Initialized B
 LTM d(wg2)/d(wg2)   0.0000000000000000     
 B before wg2 wg2 ==>    0.0000000000000000        0.0000000000000000     
 Q value wg2 wg2 ==>   3.12948872017533634E-005  2.78576345591599304E-006
 B after wg2 wg2 ==>  3.12948872017533634E-005  2.78576345591599304E-006
 LTM d(wg2)/d(wg2)   0.0000000000000000     
 B before wg2 wg2 ==>    0.0000000000000000        0.0000000000000000     
 Q value wg2 wg2 ==>   3.12948872017533634E-005  2.78576345591599304E-006
 B after wg2 wg2 ==>  3.12948872017533634E-005  2.78576345591599304E-006
 store B matrix after TL evolution ==>  2.78576345591599304E-006
 writing out B
 calculating jacobians           3
  and then PERFORMING ANALYSIS
 read in sim obs yf   283.35048166910809        283.35048166910809        283.35048166910809        283.35048166910809        283.35048166910809     
 read in sim obs yf   283.55370108386489        283.55370108386489        283.55370108386489        283.55370108386489        283.55370108386489     

    ---------------------------------------
    |   EXITING VARASSIM AFTER ANALYSIS   |
    ---------------------------------------

 Number of assimilated observations =           0

 *********************************************
 *      ASSIMILATIONS FOR URBAN POINTS       *
 *********************************************
 UPDATING TOWN FOR SCHEME: TEB
 Mean T2m increments over TOWN    6.4462989161351061     
 Mean T_ROAD3 increments over TOWN    6.4462989161351061     
 KTYPE=           1
 YCOMMAND=transfer.x MESONH         SURFOUT.20150828_06h00                                                    
 KTYPE=           1
 YCOMMAND=transfer.x MESONH         SURFOUT.20150828_06h00                                                    
 KTYPE=           1
 YCOMMAND=transfer.x MESONH         SURFOUT.20150828_06h00                                                    
 KTYPE=           1
 YCOMMAND=transfer.x MESONH         SURFOUT.20150828_06h00                                                    
 KTYPE=           1
 YCOMMAND=transfer.x MESONH         SURFOUT.20150828_06h00                                                    
 KTYPE=           1
 YCOMMAND=transfer.x MESONH         SURFOUT.20150828_06h00                                                    
 KTYPE=           1
 YCOMMAND=transfer.x MESONH         SURFOUT.20150828_06h00                                                    
 KTYPE=           1
 YCOMMAND=transfer.x MESONH         SURFOUT.20150828_06h00                                                    
 KTYPE=           1
 YCOMMAND=transfer.x MESONH         SURFOUT.20150828_06h00                                                    
 KTYPE=           1
 YCOMMAND=transfer.x MESONH         SURFOUT                                                                   
 KTYPE=           1
 YCOMMAND=transfer.x MESONH         SURFOUT                                                                   
 KTYPE=           1
 YCOMMAND=transfer.x MESONH         SURFOUT                                                                   
  
     -----------------------
     | SODA ENDS CORRECTLY |
     -----------------------
