  
     ----------------------
     | PGD ENDS CORRECTLY |
     ----------------------
  
     -----------------------
     | PREP ENDS CORRECTLY |
     -----------------------
Running offline
 CAUTION: DID YOU THINK TO SET OMP_NUM_THREADS=1?
 PLEASE VERIFY OMP_NUM_THREADS IS INITIALIZED : TYPE ECHO $OMP_NUM_THREADS IN A TERMINAL
  
     --------------------------
     | OFFLINE ENDS CORRECTLY |
     --------------------------
  

    ------------------------------------
    |               SODA               |
    | SURFEX OFFLINE DATA ASSIMILATION |
    ------------------------------------

 INITIALIZING SURFEX...
 READING first guess from file FG_OI_MAIN
 READ FIRST GUESS OK
 READING Land-Sea mask
 READ LSM OK
 READING CANARI ANALYSIS
 READ CANARI OK
 READ CLIMATOLOGY OK
 READING SST FROM SST_SIC
 READ SST_SIC OK
   ECMWF_SST_SIC
  SURFSEA.TEMPERA - min, mean, max:    0.2855E+03   0.2863E+03   0.2880E+03
   Replaced land by UNDEF 
  SST            - min, mean, max:    0.2855E+03   0.2863E+03   0.2880E+03
 PERFORMIMG OFFLINE SURFEX DATA ASSIMILATION...
 *********************************************
 *      ASSIMILATIONS FOR SEA POINTS         *
 *********************************************
 UPDATING SST FOR SCHEME: SEAFLX
 Mean SST increments over SEA     0.52200680826893808     
 *********************************************
 *      ASSIMILATIONS FOR WATER POINTS       *
 *********************************************
 UPDATING LST FOR INLAND_WATER: WATFLX
 Lake surface temperature set to    283.00703169167912      from nearest neighbour at I=         299
 Lake surface temperature set to    282.97755762679049      from nearest neighbour at I=         338
 Lake surface temperature set to    282.86056208530960      from nearest neighbour at I=         366
 Lake surface temperature set to    283.24039554391391      from nearest neighbour at I=         376
 Lake surface temperature set to    282.88816849801890      from nearest neighbour at I=         377
 Lake surface temperature set to    282.86442155753701      from nearest neighbour at I=         406
 Lake surface temperature set to    282.23474293368116      from nearest neighbour at I=         415
 Lake surface temperature set to    282.79670989633217      from nearest neighbour at I=         416
 Lake surface temperature set to    283.26267237323083      from nearest neighbour at I=         445
 Lake surface temperature set to    282.63845343413476      from nearest neighbour at I=         446
 Lake surface temperature set to    282.27271686978207      from nearest neighbour at I=         454
 Lake surface temperature set to    282.67833142398575      from nearest neighbour at I=         455
 Lake surface temperature set to    283.25664734197966      from nearest neighbour at I=         483
 Lake surface temperature set to    283.27372865957784      from nearest neighbour at I=         484
 Lake surface temperature set to    282.80441050017072      from nearest neighbour at I=         485
 Lake surface temperature set to    282.36120965763109      from nearest neighbour at I=         493
 Lake surface temperature set to    282.28787006489080      from nearest neighbour at I=         494
 Lake surface temperature set to    283.36412795236231      from nearest neighbour at I=         522
 Lake surface temperature set to    283.37693995997785      from nearest neighbour at I=         523
 Lake surface temperature set to    282.81678437900479      from nearest neighbour at I=         524
 Lake surface temperature set to    282.81350713688096      from nearest neighbour at I=         525
 Lake surface temperature set to    282.29164416959406      from nearest neighbour at I=         526
 Lake surface temperature set to    282.37198489954869      from nearest neighbour at I=         532
 Lake surface temperature set to    282.21983963095920      from nearest neighbour at I=         533
 Lake surface temperature set to    283.29588687638437      from nearest neighbour at I=         561
 Lake surface temperature set to    282.67551956421704      from nearest neighbour at I=         562
 Lake surface temperature set to    282.67232777599895      from nearest neighbour at I=         563
 Lake surface temperature set to    282.67549373819821      from nearest neighbour at I=         564
 Lake surface temperature set to    282.33207657810419      from nearest neighbour at I=         565
 Lake surface temperature set to    282.66974561292608      from nearest neighbour at I=         566
 Lake surface temperature set to    282.46056143342992      from nearest neighbour at I=         571
 Lake surface temperature set to    282.23600857766735      from nearest neighbour at I=         572
 Lake surface temperature set to    282.19801687457073      from nearest neighbour at I=         573
 Lake surface temperature set to    283.28349424189008      from nearest neighbour at I=         588
 Lake surface temperature set to    282.68030878466476      from nearest neighbour at I=         600
 Lake surface temperature set to    282.65772133036808      from nearest neighbour at I=         601
 Lake surface temperature set to    282.67247735500723      from nearest neighbour at I=         603
 Lake surface temperature set to    283.05886613556459      from nearest neighbour at I=         604
 Lake surface temperature set to    282.36291797892960      from nearest neighbour at I=         611
 Lake surface temperature set to    282.64563679450112      from nearest neighbour at I=         641
 Lake surface temperature set to    282.67249300086416      from nearest neighbour at I=         642
 Lake surface temperature set to    283.06143815499735      from nearest neighbour at I=         643
 Lake surface temperature set to    283.05134316816594      from nearest neighbour at I=         644
 Lake surface temperature set to    282.38443760285327      from nearest neighbour at I=         645
 Lake surface temperature set to    282.28618901747666      from nearest neighbour at I=         648
 Lake surface temperature set to    282.34681687376832      from nearest neighbour at I=         650
 Lake surface temperature set to    282.49805733081246      from nearest neighbour at I=         680
 Lake surface temperature set to    282.51777379979058      from nearest neighbour at I=         681
 Lake surface temperature set to    282.32653130046282      from nearest neighbour at I=         682
 Lake surface temperature set to    282.31591711902382      from nearest neighbour at I=         683
 Lake surface temperature set to    282.45835886494683      from nearest neighbour at I=         718
 Lake surface temperature set to    282.51335157054871      from nearest neighbour at I=         719
 Lake surface temperature set to    282.20257132201334      from nearest neighbour at I=         720
 Lake surface temperature set to    282.19539752674774      from nearest neighbour at I=         721
 Lake surface temperature set to    282.18649741803318      from nearest neighbour at I=         722
 Lake surface temperature set to    282.24160756632995      from nearest neighbour at I=         758
 Lake surface temperature set to    282.19510317042807      from nearest neighbour at I=         759
 Lake surface temperature set to    282.13220787490116      from nearest neighbour at I=         760
 Lake surface temperature set to    282.26197695112535      from nearest neighbour at I=         761
 Lake surface temperature set to    281.70697315640365      from nearest neighbour at I=         792
 Lake surface temperature set to    282.73625844335345      from nearest neighbour at I=         857
 Lake surface temperature set to    282.55911439658081      from nearest neighbour at I=         887
 Lake surface temperature set to    282.46496008125405      from nearest neighbour at I=         925
 Lake surface temperature set to    282.58302779731963      from nearest neighbour at I=         926
 Lake surface temperature set to    282.31837640047792      from nearest neighbour at I=        1089
 Lake surface temperature set to    280.05042393084159      from nearest neighbour at I=        1093
 Lake surface temperature set to    278.63210485281934      from nearest neighbour at I=        1422
 Mean LST increments over inland water     5.68199463838112082E-002
 *********************************************
 *      ASSIMILATIONS FOR NATURE POINTS      *
 *********************************************
 UPDATE SNOW FROM ANALYSED VALUES
 --------------------------------------------------------------------------
 |                                                                        |
 |                             ENTER OI_ASSIM                             |
 |                                                                        |
 --------------------------------------------------------------------------
 value in PREP file => WG1         0.21122935969468434     
 value in PREP file => WG2         0.22429373598159744     
 value in PREP file => TG1          278.91985223715767     
 value in PREP file => TG2          281.42939619580903     
 value in PREP file => WGI2        1.30661833042599311E-006
 value in PREP file => WSNOW_VEG1  9.89305071918293935E-003
 value in PREP file => LAI         1.45137880986937600E+017
 value in PREP file => VEG         0.84204903073745196     
 value in PREP file => RSMIN       1.45137880986937600E+017
 value in PREP file => DATA_DG2     1.7819020264425915     
 value in PREP file => SAND         62.515292727741773     
 value in PREP file => CLAY         12.627659851143839     
  NUMBER OF ASCAT OBSERVATIONS AFTER INITIAL CHECKS  ::            0
  NUMBER OF ASCAT OBSERVATIONS AFTER BACKGROUND CHECK  ::            0
 Mean T2m increments     1.0421964934287213     
 Mean HU2m increments  -2.68922428290275621E-002
 PERFORMING OI SOIL ANALYSIS
 ---------------------------------------------------------------
 Mean WS increments over NATURE    0.0000000000000000     
 Mean WP increments over NATURE   1.79499049738405131E-007
 Mean TS increments over NATURE    1.0421964934287213     
 Mean TP increments over NATURE   0.16587072360222094     
 Mean TL increments over NATURE  -1.79499049814735479E-007
 ---------------------------------------------------------------
 UPDATE SNOW FROM ANALYSED OI_CACSTS VALUES
  SURFRESERV.NEIGE - min, mean, max:    0.0000E+00   0.3366E+00   0.3062E-02
 Mean SN increments over NATURE   4.56564744078920021E-004
 *********************************************
 *      ASSIMILATIONS FOR URBAN POINTS       *
 *********************************************
 UPDATING TOWN FOR SCHEME: TEB
 Mean T2m increments over TOWN    1.0574937636887363     
 Mean T_ROAD3 increments over TOWN    1.0574937636887363     
  
     -----------------------
     | SODA ENDS CORRECTLY |
     -----------------------
