 KTYPE=           1
 YCOMMAND=transfer.x MESONH         PGD_SODA                                                                  
 KTYPE=           1
 YCOMMAND=transfer.x MESONH         PGD_SODA                                                                  
 KTYPE=           1
 YCOMMAND=transfer.x MESONH         PGD_SODA                                                                  
 KTYPE=           1
 YCOMMAND=transfer.x MESONH         PGD_SODA                                                                  
 KTYPE=           1
 YCOMMAND=transfer.x MESONH         PGD_SODA                                                                  
 KTYPE=           1
 YCOMMAND=transfer.x MESONH         PGD_SODA                                                                  
  
     ----------------------
     | PGD ENDS CORRECTLY |
     ----------------------
 KTYPE=           1
 YCOMMAND=transfer.x MESONH         PGD_SODA                                                                  
 KTYPE=           1
 YCOMMAND=transfer.x MESONH         PGD_SODA                                                                  
 KTYPE=           1
 YCOMMAND=transfer.x MESONH         PGD_SODA                                                                  
 KTYPE=           1
 YCOMMAND=transfer.x MESONH         PGD_SODA                                                                  
 KTYPE=           1
 YCOMMAND=transfer.x MESONH         PGD_SODA                                                                  
 KTYPE=           1
 YCOMMAND=transfer.x MESONH         PGD_SODA                                                                  
 KTYPE=           1
 YCOMMAND=transfer.x MESONH         PGD_SODA                                                                  
 KTYPE=           1
 YCOMMAND=transfer.x MESONH         PGD_SODA                                                                  
 KTYPE=           1
 YCOMMAND=transfer.x MESONH         PGD_SODA                                                                  
 KTYPE=           1
 YCOMMAND=transfer.x MESONH         PGD_SODA                                                                  
 KTYPE=           1
 YCOMMAND=transfer.x MESONH         PREP_SODA                                                                 
 KTYPE=           1
 YCOMMAND=transfer.x MESONH         PREP_SODA                                                                 
 KTYPE=           1
 YCOMMAND=transfer.x MESONH         PREP_SODA                                                                 
 KTYPE=           1
 YCOMMAND=transfer.x MESONH         PREP_SODA                                                                 
 KTYPE=           1
 YCOMMAND=transfer.x MESONH         PREP_SODA                                                                 
 KTYPE=           1
 YCOMMAND=transfer.x MESONH         PREP_SODA                                                                 
 KTYPE=           1
 YCOMMAND=transfer.x MESONH         PREP_SODA                                                                 
 KTYPE=           1
 YCOMMAND=transfer.x MESONH         PREP_SODA                                                                 
 KTYPE=           1
 YCOMMAND=transfer.x MESONH         PREP_SODA                                                                 
 KTYPE=           1
 YCOMMAND=transfer.x MESONH         PREP_SODA                                                                 
 KTYPE=           1
 YCOMMAND=transfer.x MESONH         PREP_SODA                                                                 
 KTYPE=           1
 YCOMMAND=transfer.x MESONH         PREP_SODA                                                                 
 KTYPE=           1
 YCOMMAND=transfer.x MESONH         PREP_SODA                                                                 
 KTYPE=           1
 YCOMMAND=transfer.x MESONH         PREP_SODA                                                                 
  
     -----------------------
     | PREP ENDS CORRECTLY |
     -----------------------
Running offline
 CAUTION: DID YOU THINK TO SET OMP_NUM_THREADS=1?
 PLEASE VERIFY OMP_NUM_THREADS IS INITIALIZED : TYPE ECHO $OMP_NUM_THREADS IN A TERMINAL
 KTYPE=           1
 YCOMMAND=transfer.x MESONH         PGD_SODA                                                                  
 KTYPE=           1
 YCOMMAND=transfer.x MESONH         PGD_SODA                                                                  
 KTYPE=           1
 YCOMMAND=transfer.x MESONH         PREP_SODA                                                                 
 KTYPE=           1
 YCOMMAND=transfer.x MESONH         PGD_SODA                                                                  
 KTYPE=           1
 YCOMMAND=transfer.x MESONH         PREP_SODA                                                                 
 KTYPE=           1
 YCOMMAND=transfer.x MESONH         PGD_SODA                                                                  
 KTYPE=           1
 YCOMMAND=transfer.x MESONH         PREP_SODA                                                                 
 KTYPE=           1
 YCOMMAND=transfer.x MESONH         PREP_SODA                                                                 
 KTYPE=           1
 YCOMMAND=transfer.x MESONH         PGD_SODA                                                                  
 KTYPE=           1
 YCOMMAND=transfer.x MESONH         PREP_SODA                                                                 
 KTYPE=           1
 YCOMMAND=transfer.x MESONH         PREP_SODA                                                                 
 KTYPE=           1
 YCOMMAND=transfer.x MESONH         PGD_SODA                                                                  
 KTYPE=           1
 YCOMMAND=transfer.x MESONH         PREP_SODA                                                                 
 KTYPE=           1
 YCOMMAND=transfer.x MESONH         PREP_SODA                                                                 
 KTYPE=           1
 YCOMMAND=transfer.x MESONH         PREP_SODA                                                                 
 KTYPE=           1
 YCOMMAND=transfer.x MESONH         PREP_SODA                                                                 
 KTYPE=           1
 YCOMMAND=transfer.x MESONH         PGD_SODA                                                                  
 KTYPE=           1
 YCOMMAND=transfer.x MESONH         PREP_SODA                                                                 
 KTYPE=           1
 YCOMMAND=transfer.x MESONH         PREP_SODA                                                                 
 KTYPE=           1
 YCOMMAND=transfer.x MESONH         PGD_SODA                                                                  
 KTYPE=           1
 YCOMMAND=transfer.x MESONH         PREP_SODA                                                                 
 KTYPE=           1
 YCOMMAND=transfer.x MESONH         PGD_SODA                                                                  
 KTYPE=           1
 YCOMMAND=transfer.x MESONH         PREP_SODA                                                                 
 KTYPE=           1
 YCOMMAND=transfer.x MESONH         PGD_SODA                                                                  
 KTYPE=           1
 YCOMMAND=transfer.x MESONH         PREP_SODA                                                                 
 KTYPE=           1
 YCOMMAND=transfer.x MESONH         SURFOUT.20080930_19h00                                                    
 KTYPE=           1
 YCOMMAND=transfer.x MESONH         SURFOUT.20080930_19h00                                                    
 KTYPE=           1
 YCOMMAND=transfer.x MESONH         SURFOUT.20080930_19h00                                                    
 KTYPE=           1
 YCOMMAND=transfer.x MESONH         SURFOUT.20080930_19h00                                                    
 KTYPE=           1
 YCOMMAND=transfer.x MESONH         SURFOUT.20080930_19h00                                                    
 KTYPE=           1
 YCOMMAND=transfer.x MESONH         SURFOUT.20080930_19h00                                                    
 KTYPE=           1
 YCOMMAND=transfer.x MESONH         SURFOUT.20080930_19h00                                                    
 KTYPE=           1
 YCOMMAND=transfer.x MESONH         SURFOUT.20080930_19h00                                                    
 KTYPE=           1
 YCOMMAND=transfer.x MESONH         SURFOUT.20080930_19h00                                                    
 KTYPE=           1
 YCOMMAND=transfer.x MESONH         SURFOUT.20080930_19h00                                                    
 KTYPE=           1
 YCOMMAND=transfer.x MESONH         SURFOUT.20080930_19h00                                                    
 KTYPE=           1
 YCOMMAND=transfer.x MESONH         SURFOUT.20080930_19h00                                                    
 KTYPE=           1
 YCOMMAND=transfer.x MESONH         SURFOUT.20080930_19h00                                                    
 KTYPE=           1
 YCOMMAND=transfer.x MESONH         SURFOUT.20080930_19h00                                                    
 KTYPE=           1
 YCOMMAND=transfer.x MESONH         SURFOUT.20080930_20h00                                                    
 KTYPE=           1
 YCOMMAND=transfer.x MESONH         SURFOUT.20080930_20h00                                                    
 KTYPE=           1
 YCOMMAND=transfer.x MESONH         SURFOUT.20080930_20h00                                                    
 KTYPE=           1
 YCOMMAND=transfer.x MESONH         SURFOUT.20080930_20h00                                                    
 KTYPE=           1
 YCOMMAND=transfer.x MESONH         SURFOUT.20080930_20h00                                                    
 KTYPE=           1
 YCOMMAND=transfer.x MESONH         SURFOUT.20080930_20h00                                                    
 KTYPE=           1
 YCOMMAND=transfer.x MESONH         SURFOUT.20080930_20h00                                                    
 KTYPE=           1
 YCOMMAND=transfer.x MESONH         SURFOUT.20080930_20h00                                                    
 KTYPE=           1
 YCOMMAND=transfer.x MESONH         SURFOUT.20080930_20h00                                                    
 KTYPE=           1
 YCOMMAND=transfer.x MESONH         SURFOUT.20080930_20h00                                                    
 KTYPE=           1
 YCOMMAND=transfer.x MESONH         SURFOUT.20080930_20h00                                                    
 KTYPE=           1
 YCOMMAND=transfer.x MESONH         SURFOUT.20080930_20h00                                                    
 KTYPE=           1
 YCOMMAND=transfer.x MESONH         SURFOUT.20080930_20h00                                                    
 KTYPE=           1
 YCOMMAND=transfer.x MESONH         SURFOUT.20080930_20h00                                                    
 KTYPE=           1
 YCOMMAND=transfer.x MESONH         SURFOUT.20080930_21h00                                                    
 KTYPE=           1
 YCOMMAND=transfer.x MESONH         SURFOUT.20080930_21h00                                                    
 KTYPE=           1
 YCOMMAND=transfer.x MESONH         SURFOUT.20080930_21h00                                                    
 KTYPE=           1
 YCOMMAND=transfer.x MESONH         SURFOUT.20080930_21h00                                                    
 KTYPE=           1
 YCOMMAND=transfer.x MESONH         SURFOUT.20080930_21h00                                                    
 KTYPE=           1
 YCOMMAND=transfer.x MESONH         SURFOUT.20080930_21h00                                                    
 KTYPE=           1
 YCOMMAND=transfer.x MESONH         SURFOUT.20080930_21h00                                                    
 KTYPE=           1
 YCOMMAND=transfer.x MESONH         SURFOUT.20080930_21h00                                                    
 KTYPE=           1
 YCOMMAND=transfer.x MESONH         SURFOUT.20080930_21h00                                                    
 KTYPE=           1
 YCOMMAND=transfer.x MESONH         SURFOUT.20080930_21h00                                                    
 KTYPE=           1
 YCOMMAND=transfer.x MESONH         SURFOUT.20080930_21h00                                                    
 KTYPE=           1
 YCOMMAND=transfer.x MESONH         SURFOUT.20080930_21h00                                                    
 KTYPE=           1
 YCOMMAND=transfer.x MESONH         SURFOUT.20080930_21h00                                                    
 KTYPE=           1
 YCOMMAND=transfer.x MESONH         SURFOUT.20080930_21h00                                                    
 KTYPE=           1
 YCOMMAND=transfer.x MESONH         SURFOUT.20080930_22h00                                                    
 KTYPE=           1
 YCOMMAND=transfer.x MESONH         SURFOUT.20080930_22h00                                                    
 KTYPE=           1
 YCOMMAND=transfer.x MESONH         SURFOUT.20080930_22h00                                                    
 KTYPE=           1
 YCOMMAND=transfer.x MESONH         SURFOUT.20080930_22h00                                                    
 KTYPE=           1
 YCOMMAND=transfer.x MESONH         SURFOUT.20080930_22h00                                                    
 KTYPE=           1
 YCOMMAND=transfer.x MESONH         SURFOUT.20080930_22h00                                                    
 KTYPE=           1
 YCOMMAND=transfer.x MESONH         SURFOUT.20080930_22h00                                                    
 KTYPE=           1
 YCOMMAND=transfer.x MESONH         SURFOUT.20080930_22h00                                                    
 KTYPE=           1
 YCOMMAND=transfer.x MESONH         SURFOUT.20080930_22h00                                                    
 KTYPE=           1
 YCOMMAND=transfer.x MESONH         SURFOUT.20080930_22h00                                                    
 KTYPE=           1
 YCOMMAND=transfer.x MESONH         SURFOUT.20080930_22h00                                                    
 KTYPE=           1
 YCOMMAND=transfer.x MESONH         SURFOUT.20080930_22h00                                                    
 KTYPE=           1
 YCOMMAND=transfer.x MESONH         SURFOUT.20080930_22h00                                                    
 KTYPE=           1
 YCOMMAND=transfer.x MESONH         SURFOUT.20080930_22h00                                                    
 KTYPE=           1
 YCOMMAND=transfer.x MESONH         SURFOUT.20080930_23h00                                                    
 KTYPE=           1
 YCOMMAND=transfer.x MESONH         SURFOUT.20080930_23h00                                                    
 KTYPE=           1
 YCOMMAND=transfer.x MESONH         SURFOUT.20080930_23h00                                                    
 KTYPE=           1
 YCOMMAND=transfer.x MESONH         SURFOUT.20080930_23h00                                                    
 KTYPE=           1
 YCOMMAND=transfer.x MESONH         SURFOUT.20080930_23h00                                                    
 KTYPE=           1
 YCOMMAND=transfer.x MESONH         SURFOUT.20080930_23h00                                                    
 KTYPE=           1
 YCOMMAND=transfer.x MESONH         SURFOUT.20080930_23h00                                                    
 KTYPE=           1
 YCOMMAND=transfer.x MESONH         SURFOUT.20080930_23h00                                                    
 KTYPE=           1
 YCOMMAND=transfer.x MESONH         SURFOUT.20080930_23h00                                                    
 KTYPE=           1
 YCOMMAND=transfer.x MESONH         SURFOUT.20080930_23h00                                                    
 KTYPE=           1
 YCOMMAND=transfer.x MESONH         SURFOUT.20080930_23h00                                                    
 KTYPE=           1
 YCOMMAND=transfer.x MESONH         SURFOUT.20080930_23h00                                                    
 KTYPE=           1
 YCOMMAND=transfer.x MESONH         SURFOUT.20080930_23h00                                                    
 KTYPE=           1
 YCOMMAND=transfer.x MESONH         SURFOUT.20080930_23h00                                                    
 KTYPE=           1
 YCOMMAND=transfer.x MESONH         SURFOUT.20081001_00h00                                                    
 KTYPE=           1
 YCOMMAND=transfer.x MESONH         SURFOUT.20081001_00h00                                                    
 KTYPE=           1
 YCOMMAND=transfer.x MESONH         SURFOUT.20081001_00h00                                                    
 KTYPE=           1
 YCOMMAND=transfer.x MESONH         SURFOUT.20081001_00h00                                                    
 KTYPE=           1
 YCOMMAND=transfer.x MESONH         SURFOUT.20081001_00h00                                                    
 KTYPE=           1
 YCOMMAND=transfer.x MESONH         SURFOUT.20081001_00h00                                                    
 KTYPE=           1
 YCOMMAND=transfer.x MESONH         SURFOUT.20081001_00h00                                                    
 KTYPE=           1
 YCOMMAND=transfer.x MESONH         SURFOUT.20081001_00h00                                                    
 KTYPE=           1
 YCOMMAND=transfer.x MESONH         SURFOUT.20081001_00h00                                                    
 KTYPE=           1
 YCOMMAND=transfer.x MESONH         SURFOUT.20081001_00h00                                                    
 KTYPE=           1
 YCOMMAND=transfer.x MESONH         SURFOUT.20081001_00h00                                                    
 KTYPE=           1
 YCOMMAND=transfer.x MESONH         SURFOUT.20081001_00h00                                                    
 KTYPE=           1
 YCOMMAND=transfer.x MESONH         SURFOUT.20081001_00h00                                                    
 KTYPE=           1
 YCOMMAND=transfer.x MESONH         SURFOUT.20081001_00h00                                                    
  
     --------------------------
     | OFFLINE ENDS CORRECTLY |
     --------------------------
  

    ------------------------------------
    |               SODA               |
    | SURFEX OFFLINE DATA ASSIMILATION |
    ------------------------------------

 KTYPE=           1
 YCOMMAND=transfer.x MESONH         PGD_SODA                                                                  
 KTYPE=           1
 YCOMMAND=transfer.x MESONH         PGD_SODA                                                                  
 KTYPE=           1
 YCOMMAND=transfer.x MESONH         PREP_SODA                                                                 
 INITIALIZING SURFEX...
 KTYPE=           1
 YCOMMAND=transfer.x MESONH         PREP_SODA                                                                 
 KTYPE=           1
 YCOMMAND=transfer.x MESONH         PGD_SODA                                                                  
 KTYPE=           1
 YCOMMAND=transfer.x MESONH         PREP_SODA                                                                 
 KTYPE=           1
 YCOMMAND=transfer.x MESONH         PREP_SODA                                                                 
 KTYPE=           1
 YCOMMAND=transfer.x MESONH         PGD_SODA                                                                  
 KTYPE=           1
 YCOMMAND=transfer.x MESONH         PREP_SODA                                                                 
 KTYPE=           1
 YCOMMAND=transfer.x MESONH         PREP_SODA                                                                 
 KTYPE=           1
 YCOMMAND=transfer.x MESONH         PGD_SODA                                                                  
 KTYPE=           1
 YCOMMAND=transfer.x MESONH         PREP_SODA                                                                 
 KTYPE=           1
 YCOMMAND=transfer.x MESONH         PREP_SODA                                                                 
 KTYPE=           1
 YCOMMAND=transfer.x MESONH         PREP_SODA                                                                 
 KTYPE=           1
 YCOMMAND=transfer.x MESONH         PREP_SODA                                                                 
 KTYPE=           1
 YCOMMAND=transfer.x MESONH         PGD_SODA                                                                  
 KTYPE=           1
 YCOMMAND=transfer.x MESONH         PREP_SODA                                                                 
 KTYPE=           1
 YCOMMAND=transfer.x MESONH         PREP_SODA                                                                 
 KTYPE=           1
 YCOMMAND=transfer.x MESONH         PGD_SODA                                                                  
 KTYPE=           1
 YCOMMAND=transfer.x MESONH         PREP_SODA                                                                 
 KTYPE=           1
 YCOMMAND=transfer.x MESONH         PGD_SODA                                                                  
 KTYPE=           1
 YCOMMAND=transfer.x MESONH         PREP_SODA                                                                 
 KTYPE=           1
 YCOMMAND=transfer.x MESONH         PGD_SODA                                                                  
 KTYPE=           1
 YCOMMAND=transfer.x MESONH         PREP_SODA                                                                 
 READING first guess from file FG_OI_MAIN
 READ FIRST GUESS OK
 READING Land-Sea mask
 READ LSM OK
 READING CANARI ANALYSIS
 READ CANARI OK
 READ CLIMATOLOGY OK
 READING SST FROM SST_SIC
 READ SST_SIC OK
   ECMWF_SST_SIC
  SURFSEA.TEMPERA - min, mean, max:    0.2855E+03   0.2863E+03   0.2880E+03
   Replaced land by UNDEF 
  SST            - min, mean, max:    0.2855E+03   0.2863E+03   0.2880E+03
 PERFORMIMG OFFLINE SURFEX DATA ASSIMILATION...
 *********************************************
 *      ASSIMILATIONS FOR SEA POINTS         *
 *********************************************
 UPDATING SST FOR SCHEME: SEAFLX
 Mean SST increments over SEA     0.52200679072390921     
 *********************************************
 *      ASSIMILATIONS FOR WATER POINTS       *
 *********************************************
 UPDATING LST FOR INLAND_WATER: WATFLX
 Lake surface temperature set to    283.00703165230806      from nearest neighbour at I=         299
 Lake surface temperature set to    282.97755752786782      from nearest neighbour at I=         338
 Lake surface temperature set to    282.86056209329030      from nearest neighbour at I=         366
 Lake surface temperature set to    283.24039542865694      from nearest neighbour at I=         376
 Lake surface temperature set to    282.88816838451646      from nearest neighbour at I=         377
 Lake surface temperature set to    282.86442168772714      from nearest neighbour at I=         406
 Lake surface temperature set to    282.23474286809210      from nearest neighbour at I=         415
 Lake surface temperature set to    282.79670999202096      from nearest neighbour at I=         416
 Lake surface temperature set to    283.26267240989949      from nearest neighbour at I=         445
 Lake surface temperature set to    282.63845322045393      from nearest neighbour at I=         446
 Lake surface temperature set to    282.27271680419301      from nearest neighbour at I=         454
 Lake surface temperature set to    282.67833118953189      from nearest neighbour at I=         455
 Lake surface temperature set to    283.25664737864832      from nearest neighbour at I=         483
 Lake surface temperature set to    283.27372869624651      from nearest neighbour at I=         484
 Lake surface temperature set to    282.80441068435681      from nearest neighbour at I=         485
 Lake surface temperature set to    282.36120949261402      from nearest neighbour at I=         493
 Lake surface temperature set to    282.28786992440843      from nearest neighbour at I=         494
 Lake surface temperature set to    283.36412798255520      from nearest neighbour at I=         522
 Lake surface temperature set to    283.37693999017074      from nearest neighbour at I=         523
 Lake surface temperature set to    282.81678456319088      from nearest neighbour at I=         524
 Lake surface temperature set to    282.81350732106705      from nearest neighbour at I=         525
 Lake surface temperature set to    282.29164406738948      from nearest neighbour at I=         526
 Lake surface temperature set to    282.37198474204877      from nearest neighbour at I=         532
 Lake surface temperature set to    282.21983944423505      from nearest neighbour at I=         533
 Lake surface temperature set to    283.29588682276204      from nearest neighbour at I=         561
 Lake surface temperature set to    282.67551968657284      from nearest neighbour at I=         562
 Lake surface temperature set to    282.67232789835475      from nearest neighbour at I=         563
 Lake surface temperature set to    282.67549386055401      from nearest neighbour at I=         564
 Lake surface temperature set to    282.33207647589961      from nearest neighbour at I=         565
 Lake surface temperature set to    282.66974569306814      from nearest neighbour at I=         566
 Lake surface temperature set to    282.46056138464832      from nearest neighbour at I=         571
 Lake surface temperature set to    282.23600839094320      from nearest neighbour at I=         572
 Lake surface temperature set to    282.19801668784658      from nearest neighbour at I=         573
 Lake surface temperature set to    283.28349423474498      from nearest neighbour at I=         588
 Lake surface temperature set to    282.68030867332010      from nearest neighbour at I=         600
 Lake surface temperature set to    282.65772145272388      from nearest neighbour at I=         601
 Lake surface temperature set to    282.67247747736303      from nearest neighbour at I=         603
 Lake surface temperature set to    283.05886636421218      from nearest neighbour at I=         604
 Lake surface temperature set to    282.36291811557686      from nearest neighbour at I=         611
 Lake surface temperature set to    282.64563691685692      from nearest neighbour at I=         641
 Lake surface temperature set to    282.67249312321997      from nearest neighbour at I=         642
 Lake surface temperature set to    283.06143838364494      from nearest neighbour at I=         643
 Lake surface temperature set to    283.05134339681354      from nearest neighbour at I=         644
 Lake surface temperature set to    282.38443739324555      from nearest neighbour at I=         645
 Lake surface temperature set to    282.28618880930674      from nearest neighbour at I=         648
 Lake surface temperature set to    282.34681692636593      from nearest neighbour at I=         650
 Lake surface temperature set to    282.49805715500412      from nearest neighbour at I=         680
 Lake surface temperature set to    282.51777362398224      from nearest neighbour at I=         681
 Lake surface temperature set to    282.32653135422248      from nearest neighbour at I=         682
 Lake surface temperature set to    282.31591717278349      from nearest neighbour at I=         683
 Lake surface temperature set to    282.45835868913849      from nearest neighbour at I=         718
 Lake surface temperature set to    282.51335139474037      from nearest neighbour at I=         719
 Lake surface temperature set to    282.20257156062218      from nearest neighbour at I=         720
 Lake surface temperature set to    282.19539760833493      from nearest neighbour at I=         721
 Lake surface temperature set to    282.18649749962037      from nearest neighbour at I=         722
 Lake surface temperature set to    282.24160741846640      from nearest neighbour at I=         758
 Lake surface temperature set to    282.19510340903690      from nearest neighbour at I=         759
 Lake surface temperature set to    282.13220775632055      from nearest neighbour at I=         760
 Lake surface temperature set to    282.26197689239052      from nearest neighbour at I=         761
 Lake surface temperature set to    281.70697334068484      from nearest neighbour at I=         792
 Lake surface temperature set to    282.73625845286381      from nearest neighbour at I=         857
 Lake surface temperature set to    282.55911434355772      from nearest neighbour at I=         887
 Lake surface temperature set to    282.46495994784090      from nearest neighbour at I=         925
 Lake surface temperature set to    282.58302771565809      from nearest neighbour at I=         926
 Lake surface temperature set to    282.31837617005027      from nearest neighbour at I=        1089
 Lake surface temperature set to    280.05042406835156      from nearest neighbour at I=        1093
 Lake surface temperature set to    278.63210475214515      from nearest neighbour at I=        1422
 Mean LST increments over inland water     5.68199439063977393E-002
 *********************************************
 *      ASSIMILATIONS FOR NATURE POINTS      *
 *********************************************
 UPDATE SNOW FROM ANALYSED VALUES
 --------------------------------------------------------------------------
 |                                                                        |
 |                             ENTER OI_ASSIM                             |
 |                                                                        |
 --------------------------------------------------------------------------
 value in PREP file => WG1         0.21122935984338706     
 value in PREP file => WG2         0.22429373586539378     
 value in PREP file => TG1          278.91985223361320     
 value in PREP file => TG2          281.42939619495661     
 value in PREP file => WGI2        1.30661834431679896E-006
 value in PREP file => WSNOW_VEG1  9.89305071918293935E-003
 value in PREP file => LAI         1.45137880986937600E+017
 value in PREP file => VEG         0.84204903073745196     
 value in PREP file => RSMIN       1.45137880986937600E+017
 value in PREP file => DATA_DG2     1.7819020264425915     
 value in PREP file => SAND         62.515292727741773     
 value in PREP file => CLAY         12.627659851143839     
  NUMBER OF ASCAT OBSERVATIONS AFTER INITIAL CHECKS  ::            0
  NUMBER OF ASCAT OBSERVATIONS AFTER BACKGROUND CHECK  ::            0
 Mean T2m increments     1.0421964877156460     
 Mean HU2m increments  -2.68922428564483812E-002
 PERFORMING OI SOIL ANALYSIS
 ---------------------------------------------------------------
 Mean WS increments over NATURE    0.0000000000000000     
 Mean WP increments over NATURE   1.79498916952508691E-007
 Mean TS increments over NATURE    1.0421964877156460     
 Mean TP increments over NATURE   0.16587072269295713     
 Mean TL increments over NATURE  -1.79498916918069760E-007
 ---------------------------------------------------------------
 UPDATE SNOW FROM ANALYSED OI_CACSTS VALUES
  SURFRESERV.NEIGE - min, mean, max:    0.0000E+00   0.3366E+00   0.3062E-02
 Mean SN increments over NATURE   4.56564789143464945E-004
 *********************************************
 *      ASSIMILATIONS FOR URBAN POINTS       *
 *********************************************
 UPDATING TOWN FOR SCHEME: TEB
 Mean T2m increments over TOWN    1.0574937573931835     
 Mean T_ROAD3 increments over TOWN    1.0574937573931835     
 KTYPE=           1
 YCOMMAND=transfer.x MESONH         SURFOUT.20081001_00h00                                                    
 KTYPE=           1
 YCOMMAND=transfer.x MESONH         SURFOUT.20081001_00h00                                                    
 KTYPE=           1
 YCOMMAND=transfer.x MESONH         SURFOUT.20081001_00h00                                                    
 KTYPE=           1
 YCOMMAND=transfer.x MESONH         SURFOUT.20081001_00h00                                                    
 KTYPE=           1
 YCOMMAND=transfer.x MESONH         SURFOUT.20081001_00h00                                                    
 KTYPE=           1
 YCOMMAND=transfer.x MESONH         SURFOUT.20081001_00h00                                                    
 KTYPE=           1
 YCOMMAND=transfer.x MESONH         SURFOUT.20081001_00h00                                                    
 KTYPE=           1
 YCOMMAND=transfer.x MESONH         SURFOUT.20081001_00h00                                                    
 KTYPE=           1
 YCOMMAND=transfer.x MESONH         SURFOUT.20081001_00h00                                                    
 KTYPE=           1
 YCOMMAND=transfer.x MESONH         SURFOUT.20081001_00h00                                                    
 KTYPE=           1
 YCOMMAND=transfer.x MESONH         SURFOUT.20081001_00h00                                                    
 KTYPE=           1
 YCOMMAND=transfer.x MESONH         SURFOUT.20081001_00h00                                                    
 KTYPE=           1
 YCOMMAND=transfer.x MESONH         SURFOUT.20081001_00h00                                                    
 KTYPE=           1
 YCOMMAND=transfer.x MESONH         SURFOUT                                                                   
 KTYPE=           1
 YCOMMAND=transfer.x MESONH         SURFOUT                                                                   
 KTYPE=           1
 YCOMMAND=transfer.x MESONH         SURFOUT                                                                   
 KTYPE=           1
 YCOMMAND=transfer.x MESONH         SURFOUT                                                                   
 KTYPE=           1
 YCOMMAND=transfer.x MESONH         SURFOUT                                                                   
  
     -----------------------
     | SODA ENDS CORRECTLY |
     -----------------------
