  
     ----------------------
     | PGD ENDS CORRECTLY |
     ----------------------
  
     -----------------------
     | PREP ENDS CORRECTLY |
     -----------------------
Running offline
 CAUTION: DID YOU THINK TO SET OMP_NUM_THREADS=1?
 PLEASE VERIFY OMP_NUM_THREADS IS INITIALIZED : TYPE ECHO $OMP_NUM_THREADS IN A TERMINAL
  
     --------------------------
     | OFFLINE ENDS CORRECTLY |
     --------------------------
  

    ------------------------------------
    |               SODA               |
    | SURFEX OFFLINE DATA ASSIMILATION |
    ------------------------------------

 INITIALIZING SURFEX...
 READING first guess from file FIRST_GUESS_150828H06.DAT
 READ FIRST GUESS OK
 Read observation file OK
 READING CLIM from file CLIMATE.DAT
 READ CLIMATOLOGY OK
 PERFORMIMG OFFLINE SURFEX DATA ASSIMILATION...
 *********************************************
 *      ASSIMILATIONS FOR NATURE POINTS      *
 *********************************************
 UPDATE SNOW FROM ANALYSED VALUES
 --------------------------------------------------------------------------
 |                                                                        |
 |                             ENTER OI_ASSIM                             |
 |                                                                        |
 --------------------------------------------------------------------------
 value in PREP file => WG1         0.23139084544821681     
 value in PREP file => WG2         0.23307353948168785     
 value in PREP file => TG1          281.79146472527896     
 value in PREP file => TG2          286.38262315815734     
 value in PREP file => WGI2         0.0000000000000000     
 value in PREP file => WSNOW_VEG1  0.75000000000000000     
 value in PREP file => LAI          4.7000000000000002     
 value in PREP file => VEG         0.94999999999999996     
 value in PREP file => RSMIN        149.99999999999997     
 value in PREP file => DATA_DG2     2.0000000000000000     
 value in PREP file => SAND         33.000000000000000     
 value in PREP file => CLAY         33.000000000000000     
  NUMBER OF ASCAT OBSERVATIONS AFTER INITIAL CHECKS  ::            0
  NUMBER OF ASCAT OBSERVATIONS AFTER BACKGROUND CHECK  ::            0
 Mean T2m increments     1.5609169006347656     
 Mean HU2m increments  -0.20217780825789028     
 PERFORMING OI SOIL ANALYSIS
 ---------------------------------------------------------------
 Mean WS increments over NATURE    0.0000000000000000     
 Mean WP increments over NATURE    0.0000000000000000     
 Mean TS increments over NATURE    1.5609169006347656     
 Mean TP increments over NATURE   0.24842764049168409     
 Mean TL increments over NATURE    0.0000000000000000     
 ---------------------------------------------------------------
 UPDATE SNOW FROM ANALYSED OI_CACSTS VALUES
  SURFRESERV.NEIGE - min, mean, max:    0.2452E+00   0.7408E+00   0.4930E+00
 Mean SN increments over NATURE   0.49302292251586977     
  
     -----------------------
     | SODA ENDS CORRECTLY |
     -----------------------
